
> eagle-tech-hmis@0.0.0 build
> vite build

[36mvite v8.0.16 [32mbuilding client environment for production...[36m[39m
[2K
transforming...Ô£ô 2233 modules transformed.
node.exe : [31mÔ£ù[39m Build failed in 1.87s
At line:1 char:1
+ & "C:\Program Files\nodejs/node.exe" "C:\Program Files\nodejs/node_mo ...
+ ~~~~~~~~~~~~~~~~~~~~~~~~~~~~~~~~~~~~~~~~~~~~~~~~~~~~~~~~~~~~~~~~~~~~~
    + CategoryInfo          : NotSpecified: ([31mÔ£ù[39m Build failed in 1.87s:String) [], Re 
   moteException
    + FullyQualifiedErrorId : NativeCommandError
 
[31merror during build:
[31mBuild failed with 8 errors:

[31m[builtin:vite-transform] [0mUnexpected token. Did you mean `{'>'}` or `&gt;`?
      [38;5;246mÔò¡[0m[38;5;246mÔöÇ[0m[38;5;246m[[0m 
src/components/clinical/Registration.jsx:1316:16 [38;5;246m][0m
      [38;5;246mÔöé[0m
 [38;5;246m1316 Ôöé[0m [38;5;249m [0m[38;5;249m [0m[38;5;249m [0m[38;5;249m 
[0m[38;5;249m [0m[38;5;249m [0m[38;5;249m [0m[38;5;249m [0m[38;5;249m [0m[38;5;249m 
[0m[38;5;249m [0m[38;5;249m [0m[38;5;249m [0m[38;5;249m 
[0m[38;5;249m/[0m[38;5;249m>[0m
 [38;5;240m     Ôöé[0m                Ôöé 
 [38;5;240m     Ôöé[0m                Ôò░ÔöÇ 
[38;5;246mÔöÇÔöÇÔöÇÔöÇÔöÇÔöÇÔò»[0m

[31m[builtin:vite-transform] [0mExpected `:` but found `type`
      [38;5;246mÔò¡[0m[38;5;246mÔöÇ[0m[38;5;246m[[0m 
src/components/clinical/Consultation.jsx:2832:17 [38;5;246m][0m
      [38;5;246mÔöé[0m
 [38;5;246m2829 Ôöé[0m [38;5;249m [0m[38;5;249m [0m[38;5;249m [0m[38;5;249m 
[0m[38;5;249m [0m[38;5;249m [0m[38;5;249m [0m[38;5;249m [0m[38;5;249m [0m[38;5;249m 
[0m[38;5;249m [0m[38;5;249m [0m[38;5;249m [0m[38;5;249m [0m[38;5;249m [0m[38;5;249m 
[0m[38;5;249m [0m[38;5;249m [0m[38;5;249m [0m[38;5;249m [0m?[38;5;249m [0m[38;5;249m
"[0m[38;5;249mS[0m[38;5;249mu[0m[38;5;249mb[0m[38;5;249mm[0m[38;5;249mi[0m[38;5;249m
t[0m[38;5;249mt[0m[38;5;249mi[0m[38;5;249mn[0m[38;5;249mg[0m[38;5;249m [0m[38;5;249m
C[0m[38;5;249mo[0m[38;5;249mn[0m[38;5;249ms[0m[38;5;249mu[0m[38;5;249ml[0m[38;5;249m
t[0m[38;5;249m.[0m[38;5;249m.[0m[38;5;249m.[0m[38;5;249m"[0m
 [38;5;240m     Ôöé[0m                     Ôö¼  
 [38;5;240m     Ôöé[0m                     Ôò░ÔöÇÔöÇ Conditional starts here
 [38;5;240m     Ôöé[0m 
 [38;5;246m2832 Ôöé[0m [38;5;249m [0m[38;5;249m [0m[38;5;249m [0m[38;5;249m 
[0m[38;5;249m [0m[38;5;249m [0m[38;5;249m [0m[38;5;249m [0m[38;5;249m [0m[38;5;249m 
[0m[38;5;249m [0m[38;5;249m [0m[38;5;249m [0m[38;5;249m [0m[38;5;249m [0m[38;5;249m 
[0mtype[38;5;249m=[0m[38;5;249m"[0m[38;5;249mb[0m[38;5;249mu[0m[38;5;249mt[0m[38;5;2
49mt[0m[38;5;249mo[0m[38;5;249mn[0m[38;5;249m"[0m
 [38;5;240m     Ôöé[0m                 ÔöÇÔöÇÔö¼ÔöÇ  
 [38;5;240m     Ôöé[0m                   Ôò░ÔöÇÔöÇÔöÇ `:` expected
[38;5;246mÔöÇÔöÇÔöÇÔöÇÔöÇÔöÇÔò»[0m

[31m[builtin:vite-transform] [0mA module cannot have multiple default exports.
      [38;5;246mÔò¡[0m[38;5;246mÔöÇ[0m[38;5;246m[[0m src/components/Reports.jsx:15:8 
[38;5;246m][0m
      [38;5;246mÔöé[0m
 [38;5;246m  15 Ôöé[0m [38;5;249me[0m[38;5;249mx[0m[38;5;249mp[0m[38;5;249mo[0m[38;5;
249mr[0m[38;5;249mt[0m[38;5;249m [0mdefault[38;5;249m [0m[38;5;249mf[0m[38;5;249mu[0m
[38;5;249mn[0m[38;5;249mc[0m[38;5;249mt[0m[38;5;249mi[0m[38;5;249mo[0m[38;5;249mn[0m
[38;5;249m [0m[38;5;249mR[0m[38;5;249me[0m[38;5;249mp[0m[38;5;249mo[0m[38;5;249mr[0m
[38;5;249mt[0m[38;5;249ms[0m[38;5;249m([0m[38;5;249m{[0m[38;5;249m 
[0m[38;5;249mu[0m[38;5;249ms[0m[38;5;249me[0m[38;5;249mr[0m[38;5;249m 
[0m[38;5;249m}[0m[38;5;249m)[0m[38;5;249m [0m[38;5;249m{[0m
 [38;5;240m     Ôöé[0m        ÔöÇÔöÇÔöÇÔö¼ÔöÇÔöÇÔöÇ  
 [38;5;240m     Ôöé[0m           Ôò░ÔöÇÔöÇÔöÇÔöÇÔöÇ 
 [38;5;240m     Ôöé[0m 
 [38;5;246m1747 Ôöé[0m [38;5;249me[0m[38;5;249mx[0m[38;5;249mp[0m[38;5;249mo[0m[38;5;
249mr[0m[38;5;249mt[0m[38;5;249m [0mdefault[38;5;249m [0m[38;5;249mf[0m[38;5;249mu[0m
[38;5;249mn[0m[38;5;249mc[0m[38;5;249mt[0m[38;5;249mi[0m[38;5;249mo[0m[38;5;249mn[0m
[38;5;249m [0m[38;5;249mR[0m[38;5;249me[0m[38;5;249mp[0m[38;5;249mo[0m[38;5;249mr[0m
[38;5;249mt[0m[38;5;249ms[0m[38;5;249m([0m[38;5;249m{[0m[38;5;249m 
[0m[38;5;249mu[0m[38;5;249ms[0m[38;5;249me[0m[38;5;249mr[0m[38;5;249m 
[0m[38;5;249m}[0m[38;5;249m)[0m[38;5;249m [0m[38;5;249m{[0m
 [38;5;240m     Ôöé[0m        ÔöÇÔöÇÔöÇÔö¼ÔöÇÔöÇÔöÇ  
 [38;5;240m     Ôöé[0m           Ôò░ÔöÇÔöÇÔöÇÔöÇÔöÇ 
[38;5;246mÔöÇÔöÇÔöÇÔöÇÔöÇÔöÇÔò»[0m

[31m[builtin:vite-transform] [0mExpected `,` or `)` but found `{`
      [38;5;246mÔò¡[0m[38;5;246mÔöÇ[0m[38;5;246m[[0m src/components/Admin.jsx:1217:13 
[38;5;246m][0m
      [38;5;246mÔöé[0m
 [38;5;246m1206 Ôöé[0m [38;5;249m [0m[38;5;249m [0m[38;5;249m [0m[38;5;249m 
[0m[38;5;249m [0m[38;5;249m [0m[38;5;249m [0m[38;5;249m [0m[38;5;249m [0m[38;5;249m 
[0m[38;5;249m [0m[38;5;249m [0m[38;5;249m{[0m[38;5;249mi[0m[38;5;249ms[0m[38;5;249mA
[0m[38;5;249md[0m[38;5;249mm[0m[38;5;249mi[0m[38;5;249mn[0m[38;5;249mR[0m[38;5;249mo
[0m[38;5;249ml[0m[38;5;249me[0m[38;5;249m [0m[38;5;249m&[0m[38;5;249m&[0m[38;5;249m 
[0m(
 [38;5;240m     Ôöé[0m                             Ôö¼  
 [38;5;240m     Ôöé[0m                             Ôò░ÔöÇÔöÇ Opened here
 [38;5;240m     Ôöé[0m 
 [38;5;246m1217 Ôöé[0m [38;5;249m [0m[38;5;249m [0m[38;5;249m [0m[38;5;249m 
[0m[38;5;249m [0m[38;5;249m [0m[38;5;249m [0m[38;5;249m [0m[38;5;249m [0m[38;5;249m 
[0m[38;5;249m [0m[38;5;249m [0m{[38;5;249mi[0m[38;5;249ms[0m[38;5;249mA[0m[38;5;249m
d[0m[38;5;249mm[0m[38;5;249mi[0m[38;5;249mn[0m[38;5;249mR[0m[38;5;249mo[0m[38;5;249m
l[0m[38;5;249me[0m[38;5;249m [0m[38;5;249m&[0m[38;5;249m&[0m[38;5;249m 
[0m[38;5;249m([0m
 [38;5;240m     Ôöé[0m             Ôö¼  
 [38;5;240m     Ôöé[0m             Ôò░ÔöÇÔöÇ `,` or `)` expected
[38;5;246mÔöÇÔöÇÔöÇÔöÇÔöÇÔöÇÔò»[0m

[31m[builtin:vite-transform] [0mExpected corresponding JSX closing tag for 'div'.
     [38;5;246mÔò¡[0m[38;5;246mÔöÇ[0m[38;5;246m[[0m 
src/components/SuperAdminDashboard.jsx:820:13 [38;5;246m][0m
     [38;5;246mÔöé[0m
 [38;5;246m797 Ôöé[0m [38;5;249m [0m[38;5;249m [0m[38;5;249m [0m[38;5;249m 
[0m[38;5;249m [0m[38;5;249m [0m[38;5;249m [0m[38;5;249m 
[0m[38;5;249m<[0mdiv[38;5;249m [0m[38;5;249mc[0m[38;5;249ml[0m[38;5;249ma[0m[38;5;24
9ms[0m[38;5;249ms[0m[38;5;249mN[0m[38;5;249ma[0m[38;5;249mm[0m[38;5;249me[0m[38;5;24
9m=[0m[38;5;249m"[0m[38;5;249mf[0m[38;5;249ml[0m[38;5;249me[0m[38;5;249mx[0m[38;5;24
9m [0m[38;5;249mb[0m[38;5;249mo[0m[38;5;249mr[0m[38;5;249md[0m[38;5;249me[0m[38;5;24
9mr[0m[38;5;249m-[0m[38;5;249mb[0m[38;5;249m [0m[38;5;249mb[0m[38;5;249mo[0m[38;5;24
9mr[0m[38;5;249md[0m[38;5;249me[0m[38;5;249mr[0m[38;5;249m-[0m[38;5;249ms[0m[38;5;24
9ml[0m[38;5;249ma[0m[38;5;249mt[0m[38;5;249me[0m[38;5;249m-[0m[38;5;249m8[0m[38;5;24
9m5[0m[38;5;249m0[0m[38;5;249m"[0m[38;5;249m>[0m
 [38;5;240m    Ôöé[0m          ÔöÇÔö¼ÔöÇ  
 [38;5;240m    Ôöé[0m           Ôò░ÔöÇÔöÇÔöÇ Opened here
 [38;5;240m    Ôöé[0m 
 [38;5;246m820 Ôöé[0m [38;5;249m [0m[38;5;249m [0m[38;5;249m [0m[38;5;249m 
[0m[38;5;249m [0m[38;5;249m [0m[38;5;249m [0m[38;5;249m [0m[38;5;249m [0m[38;5;249m 
[0m[38;5;249m<[0m[38;5;249m/[0mbutton[38;5;249m>[0m
 [38;5;240m    Ôöé[0m             ÔöÇÔöÇÔöÇÔö¼ÔöÇÔöÇ  
 [38;5;240m    Ôöé[0m                Ôò░ÔöÇÔöÇÔöÇÔöÇ Expected `</div>`
[38;5;246mÔöÇÔöÇÔöÇÔöÇÔöÇÔò»[0m

...[31m
    at aggregateBindingErrorsIntoJsError 
(file:///C:/egesa%20web/node_modules/rolldown/dist/shared/error-BuvQYXuZ.mjs:48:18)
    at unwrapBindingResult 
(file:///C:/egesa%20web/node_modules/rolldown/dist/shared/error-BuvQYXuZ.mjs:18:128)
    at #build 
(file:///C:/egesa%20web/node_modules/rolldown/dist/shared/rolldown-build-CrPk_lZe.mjs:3246:34)
    at async buildEnvironment 
(file:///C:/egesa%20web/node_modules/vite/dist/node/chunks/node.js:33253:64)
    at async Object.build 
(file:///C:/egesa%20web/node_modules/vite/dist/node/chunks/node.js:33675:19)
    at async Object.buildApp 
(file:///C:/egesa%20web/node_modules/vite/dist/node/chunks/node.js:33672:153)
    at async CAC.<anonymous> (file:///C:/egesa%20web/node_modules/vite/dist/node/cli.js:777:3) {
  errors: [Getter/Setter]
}[39m
